1         ***** THE USAF AUTOMATED MISSILE DATCOM * REV 3/99 *****
               AERODYNAMIC METHODS FOR MISSILE CONFIGURATIONS     

    CONERR - INPUT ERROR CHECKING

    ERROR CODES - N* DENOTES THE NUMBER OF OCCURENCES OF EACH ERROR
    A - UNKNOWN VARIABLE NAME
    B - MISSING EQUAL SIGN FOLLOWING VARIABLE NAME
    C - NON-ARRAY VARIABLE HAS AN ARRAY ELEMENTDESIGNATION - (N)
    D - NON-ARRAY VARIABLE HAS MULTIPLE VALUES ASSIGNED
    E - ASSIGNED VALUES EXCEED ARRAY DIMENSION
    F - SYNTAX ERROR

    ************************* INPUT DATA CARDS *************************

   1 DIM M                                                                           
      2 ** BLANK CARD - IGNORED
   3  $FLTCON  NALPHA=11.,NMACH=9.,                                                  
   4           MACH=0.1000,0.2000,0.3000,0.4000,0.5000,0.9000,1.1000,1.4000,2.0000,  
   5           ALPHA=-10.0,-8.0,-6.0,-4.0,-2.0,0.0,2.0,4.0,6.0,8.0,10.0,$            
      6 ** BLANK CARD - IGNORED
   7  $REFQ    XCG=0.7100,                                                           
   8           SREF=0.0038485,                                                       
   9           LREF=1.2850,                                                          
  10           RHR=0.,$                                                              
     11 ** BLANK CARD - IGNORED
  12  $AXIBOD  X0=0.00,                                                              
  13           TNOSE=OGIVE,                                                          
               ** SUBSTITUTING NUMERIC FOR NAME OGIVE
  14           LNOSE=0.0600,                                                         
  15           DNOSE=0.0700,                                                         
  16           BNOSE=0.0,                                                            
  17           TRUNC=.FALSE.,                                                        
  18           LCENTR=1.1810,                                                        
  19           DCENTR=0.0700,                                                        
  20           TAFT=CONE,                                                            
               ** SUBSTITUTING NUMERIC FOR NAME CONE
  21           LAFT=0.0440,                                                          
  22           DAFT=0.0520,                                                          
  23           DEXIT=0.0000,$                                                        
     24 ** BLANK CARD - IGNORED
  25 PART                                                                            
  26 NEXT CASE                                                                       
1         ***** THE USAF AUTOMATED MISSILE DATCOM * REV 3/99 *****     CASE   1
               AERODYNAMIC METHODS FOR MISSILE CONFIGURATIONS          PAGE   1
    CASE INPUTS
    FOLLOWING ARE THE CARDS INPUT FOR THIS CASE

 DIM M                                                                           
  $FLTCON  NALPHA=11.,NMACH=9.,                                                  
           MACH=0.1000,0.2000,0.3000,0.4000,0.5000,0.9000,1.1000,1.4000,2.0000,  
           ALPHA=-10.0,-8.0,-6.0,-4.0,-2.0,0.0,2.0,4.0,6.0,8.0,10.0,$            
  $REFQ    XCG=0.7100,                                                           
           SREF=0.0038485,                                                       
           LREF=1.2850,                                                          
           RHR=0.,$                                                              
  $AXIBOD  X0=0.00,                                                              
           TNOSE=1.,                                                             
           LNOSE=0.0600,                                                         
           DNOSE=0.0700,                                                         
           BNOSE=0.0,                                                            
           TRUNC=.FALSE.,                                                        
           LCENTR=1.1810,                                                        
           DCENTR=0.0700,                                                        
           TAFT=0.,                                                              
           LAFT=0.0440,                                                          
           DAFT=0.0520,                                                          
           DEXIT=0.0000,$                                                        
 PART                                                                            
 NEXT CASE                                                                       
    * WARNING * THE REYNOLDS NUMBER IS NOT DEFINED, FOR INPUT SPEED  1
                SEA LEVEL ALTITUDE ASSUMED
    * WARNING * THE REYNOLDS NUMBER IS NOT DEFINED, FOR INPUT SPEED  2
                SEA LEVEL ALTITUDE ASSUMED
    * WARNING * THE REYNOLDS NUMBER IS NOT DEFINED, FOR INPUT SPEED  3
                SEA LEVEL ALTITUDE ASSUMED
    * WARNING * THE REYNOLDS NUMBER IS NOT DEFINED, FOR INPUT SPEED  4
                SEA LEVEL ALTITUDE ASSUMED
    * WARNING * THE REYNOLDS NUMBER IS NOT DEFINED, FOR INPUT SPEED  5
                SEA LEVEL ALTITUDE ASSUMED
    * WARNING * THE REYNOLDS NUMBER IS NOT DEFINED, FOR INPUT SPEED  6
                SEA LEVEL ALTITUDE ASSUMED
    * WARNING * THE REYNOLDS NUMBER IS NOT DEFINED, FOR INPUT SPEED  7
                SEA LEVEL ALTITUDE ASSUMED
    * WARNING * THE REYNOLDS NUMBER IS NOT DEFINED, FOR INPUT SPEED  8
                SEA LEVEL ALTITUDE ASSUMED
    * WARNING * THE REYNOLDS NUMBER IS NOT DEFINED, FOR INPUT SPEED  9
                SEA LEVEL ALTITUDE ASSUMED
    THE BOUNDARY LAYER IS ASSUMED TO BE TURBULENT
    THE INPUT UNITS ARE IN METERS, THE SCALE FACTOR IS   1.0000
1         ***** THE USAF AUTOMATED MISSILE DATCOM * REV 3/99 *****     CASE   1
               AERODYNAMIC METHODS FOR MISSILE CONFIGURATIONS          PAGE   2
                        AXISYMMETRIC BODY DEFINITION

                             NOSE   CENTERBODY     AFT BODY        TOTAL
    SHAPE                   OGIVE     CYLINDER        CONIC
    LENGTH                  0.060        1.181        0.044        1.285   M
    FINENESS RATIO          0.857       16.871        0.629       18.357
    PLANFORM AREA           0.003        0.083        0.003        0.088   M**2
    AREA CENTROID           0.036        0.651        1.262        0.648   M
    WETTED AREA             0.010        0.260        0.009        0.279   M**2
    VOLUME                  0.000        0.005        0.000        0.005   M**3
    VOL. CENTROID           0.040        0.651        1.261        0.650   M

                              MOLD LINE CONTOUR

     LONGITUDINAL STATIONS    0.0000     0.0060     0.0120     0.0180     0.0240 
        0.0300     0.0360     0.0420     0.0480     0.0540     0.0600     0.1781 
        0.2962     0.4143     0.5324     0.6505     0.7686     0.8867     1.0048 
        1.1229     1.2410*    1.2454     1.2498     1.2542     1.2586     1.2630 
        1.2674     1.2718     1.2762     1.2806     1.2850*

                BODY RADII    0.0000     0.0089     0.0155     0.0207     0.0249 
        0.0281     0.0307     0.0326     0.0339     0.0347     0.0350     0.0350 
        0.0350     0.0350     0.0350     0.0350     0.0350     0.0350     0.0350 
        0.0350     0.0350*    0.0341     0.0332     0.0323     0.0314     0.0305 
        0.0296     0.0287     0.0278     0.0269     0.0260*
    NOTE - * INDICATES SLOPE DISCONTINUOUS POINTS
1         ***** THE USAF AUTOMATED MISSILE DATCOM * REV 3/99 *****     CASE   1
               AERODYNAMIC METHODS FOR MISSILE CONFIGURATIONS          PAGE   3
                             BODY ALONE PARTIAL OUTPUT

       ******* FLIGHT CONDITIONS AND REFERENCE QUANTITIES *******
     MACH NO  =       0.10                REYNOLDS NO = 2.318E+06 /M
     ALTITUDE =        0.0 M         DYNAMIC PRESSURE =    709.28 N/M**2
     SIDESLIP =       0.00 DEG                   ROLL =      0.00 DEG     
     REF AREA =      0.004 M**2         MOMENT CENTER =     0.710 M
     REF LENGTH =     1.28 M           LAT REF LENGTH =      1.28 M

      ALPHA    CA-FRIC  CA-PRES/WAVE CA-BASE    CA-PROT     CA-SEP     CA-ALP
     -10.00     0.2586     0.0598     0.0561                           0.0029
      -8.00     0.2614     0.0604     0.0563                           0.0024
      -6.00     0.2637     0.0610     0.0563                           0.0016
      -4.00     0.2653     0.0613     0.0564                           0.0008
      -2.00     0.2663     0.0616     0.0563                           0.0002
       0.00     0.2666     0.0616     0.0562                           0.0000
       2.00     0.2663     0.0616     0.0563                           0.0002
       4.00     0.2653     0.0613     0.0564                           0.0008
       6.00     0.2637     0.0610     0.0563                           0.0016
       8.00     0.2614     0.0604     0.0563                           0.0024
      10.00     0.2586     0.0598     0.0561                           0.0029

                     CROSS FLOW DRAG PROPORTIONALITY FACTOR = 0.75438

      ALPHA    CN-POTEN  CN-VISC   CN-SEP    CM-POTEN  CM-VISC   CM-SEP    CDC
     -10.00    -0.420    -0.392              -0.196    -0.019             0.751
      -8.00    -0.339    -0.251              -0.158    -0.012             0.749
      -6.00    -0.256    -0.141              -0.119    -0.007             0.746
      -4.00    -0.172    -0.063              -0.080    -0.003             0.744
      -2.00    -0.086    -0.016              -0.040    -0.001             0.742
       0.00     0.000     0.000               0.000     0.000             0.740
       2.00     0.086     0.016               0.040     0.001             0.742
       4.00     0.172     0.063               0.080     0.003             0.744
       6.00     0.256     0.141               0.119     0.007             0.746
       8.00     0.339     0.251               0.158     0.012             0.749
      10.00     0.420     0.392               0.196     0.019             0.751
1         ***** THE USAF AUTOMATED MISSILE DATCOM * REV 3/99 *****     CASE   1
               AERODYNAMIC METHODS FOR MISSILE CONFIGURATIONS          PAGE   4
                     STATIC AERODYNAMICS FOR BODY ALONE

       ******* FLIGHT CONDITIONS AND REFERENCE QUANTITIES *******
     MACH NO  =       0.10                REYNOLDS NO = 2.318E+06 /M
     ALTITUDE =        0.0 M         DYNAMIC PRESSURE =    709.28 N/M**2
     SIDESLIP =       0.00 DEG                   ROLL =      0.00 DEG     
     REF AREA =      0.004 M**2         MOMENT CENTER =     0.710 M
     REF LENGTH =     1.28 M           LAT REF LENGTH =      1.28 M

                   ----- LONGITUDINAL -----     -- LATERAL DIRECTIONAL --
         ALPHA       CN        CM        CA        CY       CLN       CLL

        -10.00    -0.812    -0.215     0.377     0.000     0.000     0.000
         -8.00    -0.590    -0.170     0.381     0.000     0.000     0.000
         -6.00    -0.397    -0.126     0.383     0.000     0.000     0.000
         -4.00    -0.234    -0.083     0.384     0.000     0.000     0.000
         -2.00    -0.102    -0.041     0.384     0.000     0.000     0.000
          0.00     0.000     0.000     0.384     0.000     0.000     0.000
          2.00     0.102     0.041     0.384     0.000     0.000     0.000
          4.00     0.234     0.083     0.384     0.000     0.000     0.000
          6.00     0.397     0.126     0.383     0.000     0.000     0.000
          8.00     0.590     0.170     0.381     0.000     0.000     0.000
         10.00     0.812     0.215     0.377     0.000     0.000     0.000

         ALPHA       CL        CD      CL/CD     X-C.P.

        -10.00    -0.734     0.513    -1.432     0.265
         -8.00    -0.532     0.459    -1.158     0.288
         -6.00    -0.355     0.422    -0.842     0.318
         -4.00    -0.207     0.399    -0.519     0.354
         -2.00    -0.088     0.388    -0.228     0.402
          0.00     0.000     0.384     0.000     0.402
          2.00     0.088     0.388     0.228     0.402
          4.00     0.207     0.399     0.519     0.354
          6.00     0.355     0.422     0.842     0.318
          8.00     0.532     0.459     1.158     0.288
         10.00     0.734     0.513     1.432     0.265

    X-C.P. MEAS. FROM MOMENT CENTER IN REF. LENGTHS, NEG. AFT OF MOMENT CENTER
1         ***** THE USAF AUTOMATED MISSILE DATCOM * REV 3/99 *****     CASE   1
               AERODYNAMIC METHODS FOR MISSILE CONFIGURATIONS          PAGE   5
                     STATIC AERODYNAMICS FOR BODY ALONE

       ******* FLIGHT CONDITIONS AND REFERENCE QUANTITIES *******
     MACH NO  =       0.10                REYNOLDS NO = 2.318E+06 /M
     ALTITUDE =        0.0 M         DYNAMIC PRESSURE =    709.28 N/M**2
     SIDESLIP =       0.00 DEG                   ROLL =      0.00 DEG     
     REF AREA =      0.004 M**2         MOMENT CENTER =     0.710 M
     REF LENGTH =     1.28 M           LAT REF LENGTH =      1.28 M

                   ---------- DERIVATIVES (PER DEGREE) ----------
         ALPHA       CNA         CMA         CYB         CLNB        CLLB
        -10.00      0.1183      0.0224     -0.0806     -0.0213      0.0000
         -8.00      0.1037      0.0222     -0.0735     -0.0212      0.0000
         -6.00      0.0890      0.0218     -0.0663     -0.0210      0.0000
         -4.00      0.0739      0.0213     -0.0590     -0.0207      0.0000
         -2.00      0.0586      0.0208     -0.0517     -0.0205      0.0000
          0.00      0.0509      0.0204     -0.0489     -0.0204      0.0000
          2.00      0.0586      0.0208     -0.0517     -0.0205      0.0000
          4.00      0.0739      0.0213     -0.0590     -0.0207      0.0000
          6.00      0.0890      0.0218     -0.0663     -0.0210      0.0000
          8.00      0.1037      0.0222     -0.0735     -0.0212      0.0000
         10.00      0.1183      0.0224     -0.0806     -0.0213      0.0000
1         ***** THE USAF AUTOMATED MISSILE DATCOM * REV 3/99 *****     CASE   1
               AERODYNAMIC METHODS FOR MISSILE CONFIGURATIONS          PAGE   6
                             BODY ALONE PARTIAL OUTPUT

       ******* FLIGHT CONDITIONS AND REFERENCE QUANTITIES *******
     MACH NO  =       0.20                REYNOLDS NO = 4.637E+06 /M
     ALTITUDE =        0.0 M         DYNAMIC PRESSURE =   2837.10 N/M**2
     SIDESLIP =       0.00 DEG                   ROLL =      0.00 DEG     
     REF AREA =      0.004 M**2         MOMENT CENTER =     0.710 M
     REF LENGTH =     1.28 M           LAT REF LENGTH =      1.28 M

      ALPHA    CA-FRIC  CA-PRES/WAVE CA-BASE    CA-PROT     CA-SEP     CA-ALP
     -10.00     0.2289     0.0583     0.0561                           0.0024
      -8.00     0.2315     0.0590     0.0563                           0.0021
      -6.00     0.2334     0.0595     0.0563                           0.0014
      -4.00     0.2349     0.0598     0.0563                           0.0007
      -2.00     0.2357     0.0601     0.0563                           0.0002
       0.00     0.2360     0.0601     0.0562                           0.0000
       2.00     0.2357     0.0601     0.0563                           0.0002
       4.00     0.2349     0.0598     0.0563                           0.0007
       6.00     0.2334     0.0595     0.0563                           0.0014
       8.00     0.2315     0.0590     0.0563                           0.0021
      10.00     0.2289     0.0583     0.0561                           0.0024

                     CROSS FLOW DRAG PROPORTIONALITY FACTOR = 0.75438

      ALPHA    CN-POTEN  CN-VISC   CN-SEP    CM-POTEN  CM-VISC   CM-SEP    CDC
     -10.00    -0.419    -0.397              -0.197    -0.019             0.761
      -8.00    -0.338    -0.254              -0.159    -0.012             0.757
      -6.00    -0.256    -0.142              -0.120    -0.007             0.753
      -4.00    -0.171    -0.063              -0.080    -0.003             0.749
      -2.00    -0.086    -0.016              -0.040    -0.001             0.744
       0.00     0.000     0.000               0.000     0.000             0.740
       2.00     0.086     0.016               0.040     0.001             0.744
       4.00     0.171     0.063               0.080     0.003             0.749
       6.00     0.256     0.142               0.120     0.007             0.753
       8.00     0.338     0.254               0.159     0.012             0.757
      10.00     0.419     0.397               0.197     0.019             0.761
1         ***** THE USAF AUTOMATED MISSILE DATCOM * REV 3/99 *****     CASE   1
               AERODYNAMIC METHODS FOR MISSILE CONFIGURATIONS          PAGE   7
                     STATIC AERODYNAMICS FOR BODY ALONE

       ******* FLIGHT CONDITIONS AND REFERENCE QUANTITIES *******
     MACH NO  =       0.20                REYNOLDS NO = 4.637E+06 /M
     ALTITUDE =        0.0 M         DYNAMIC PRESSURE =   2837.10 N/M**2
     SIDESLIP =       0.00 DEG                   ROLL =      0.00 DEG     
     REF AREA =      0.004 M**2         MOMENT CENTER =     0.710 M
     REF LENGTH =     1.28 M           LAT REF LENGTH =      1.28 M

                   ----- LONGITUDINAL -----     -- LATERAL DIRECTIONAL --
         ALPHA       CN        CM        CA        CY       CLN       CLL

        -10.00    -0.817    -0.216     0.346     0.000     0.000     0.000
         -8.00    -0.592    -0.171     0.349     0.000     0.000     0.000
         -6.00    -0.398    -0.127     0.351     0.000     0.000     0.000
         -4.00    -0.234    -0.083     0.352     0.000     0.000     0.000
         -2.00    -0.102    -0.041     0.352     0.000     0.000     0.000
          0.00     0.000     0.000     0.352     0.000     0.000     0.000
          2.00     0.102     0.041     0.352     0.000     0.000     0.000
          4.00     0.234     0.083     0.352     0.000     0.000     0.000
          6.00     0.398     0.127     0.351     0.000     0.000     0.000
          8.00     0.592     0.171     0.349     0.000     0.000     0.000
         10.00     0.817     0.216     0.346     0.000     0.000     0.000

         ALPHA       CL        CD      CL/CD     X-C.P.

        -10.00    -0.744     0.482    -1.543     0.264
         -8.00    -0.538     0.428    -1.258     0.288
         -6.00    -0.359     0.390    -0.920     0.318
         -4.00    -0.209     0.367    -0.570     0.355
         -2.00    -0.089     0.356    -0.251     0.404
          0.00     0.000     0.352     0.000     0.404
          2.00     0.089     0.356     0.251     0.404
          4.00     0.209     0.367     0.570     0.355
          6.00     0.359     0.390     0.920     0.318
          8.00     0.538     0.428     1.258     0.288
         10.00     0.744     0.482     1.543     0.264

    X-C.P. MEAS. FROM MOMENT CENTER IN REF. LENGTHS, NEG. AFT OF MOMENT CENTER
1         ***** THE USAF AUTOMATED MISSILE DATCOM * REV 3/99 *****     CASE   1
               AERODYNAMIC METHODS FOR MISSILE CONFIGURATIONS          PAGE   8
                     STATIC AERODYNAMICS FOR BODY ALONE

       ******* FLIGHT CONDITIONS AND REFERENCE QUANTITIES *******
     MACH NO  =       0.20                REYNOLDS NO = 4.637E+06 /M
     ALTITUDE =        0.0 M         DYNAMIC PRESSURE =   2837.10 N/M**2
     SIDESLIP =       0.00 DEG                   ROLL =      0.00 DEG     
     REF AREA =      0.004 M**2         MOMENT CENTER =     0.710 M
     REF LENGTH =     1.28 M           LAT REF LENGTH =      1.28 M

                   ---------- DERIVATIVES (PER DEGREE) ----------
         ALPHA       CNA         CMA         CYB         CLNB        CLLB
        -10.00      0.1198      0.0226     -0.0810     -0.0213      0.0000
         -8.00      0.1047      0.0223     -0.0738     -0.0212      0.0000
         -6.00      0.0895      0.0219     -0.0664     -0.0210      0.0000
         -4.00      0.0741      0.0214     -0.0589     -0.0208      0.0000
         -2.00      0.0586      0.0208     -0.0517     -0.0205      0.0000
          0.00      0.0508      0.0205     -0.0488     -0.0204      0.0000
          2.00      0.0586      0.0208     -0.0517     -0.0205      0.0000
          4.00      0.0741      0.0214     -0.0589     -0.0208      0.0000
          6.00      0.0895      0.0219     -0.0664     -0.0210      0.0000
          8.00      0.1047      0.0223     -0.0738     -0.0212      0.0000
         10.00      0.1198      0.0226     -0.0810     -0.0213      0.0000
1         ***** THE USAF AUTOMATED MISSILE DATCOM * REV 3/99 *****     CASE   1
               AERODYNAMIC METHODS FOR MISSILE CONFIGURATIONS          PAGE   9
                             BODY ALONE PARTIAL OUTPUT

       ******* FLIGHT CONDITIONS AND REFERENCE QUANTITIES *******
     MACH NO  =       0.30                REYNOLDS NO = 6.955E+06 /M
     ALTITUDE =        0.0 M         DYNAMIC PRESSURE =   6383.49 N/M**2
     SIDESLIP =       0.00 DEG                   ROLL =      0.00 DEG     
     REF AREA =      0.004 M**2         MOMENT CENTER =     0.710 M
     REF LENGTH =     1.28 M           LAT REF LENGTH =      1.28 M

      ALPHA    CA-FRIC  CA-PRES/WAVE CA-BASE    CA-PROT     CA-SEP     CA-ALP
     -10.00     0.2133     0.0578     0.0561                           0.0022
      -8.00     0.2156     0.0584     0.0562                           0.0019
      -6.00     0.2175     0.0589     0.0563                           0.0013
      -4.00     0.2188     0.0593     0.0563                           0.0006
      -2.00     0.2196     0.0595     0.0563                           0.0002
       0.00     0.2199     0.0596     0.0562                           0.0000
       2.00     0.2196     0.0595     0.0563                           0.0002
       4.00     0.2188     0.0593     0.0563                           0.0006
       6.00     0.2175     0.0589     0.0563                           0.0013
       8.00     0.2156     0.0584     0.0562                           0.0019
      10.00     0.2133     0.0578     0.0561                           0.0022

                     CROSS FLOW DRAG PROPORTIONALITY FACTOR = 0.75438

      ALPHA    CN-POTEN  CN-VISC   CN-SEP    CM-POTEN  CM-VISC   CM-SEP    CDC
     -10.00    -0.417    -0.403              -0.197    -0.019             0.772
      -8.00    -0.337    -0.257              -0.159    -0.012             0.766
      -6.00    -0.254    -0.144              -0.120    -0.007             0.759
      -4.00    -0.170    -0.063              -0.081    -0.003             0.753
      -2.00    -0.085    -0.016              -0.040    -0.001             0.746
       0.00     0.000     0.000               0.000     0.000             0.740
       2.00     0.085     0.016               0.040     0.001             0.746
       4.00     0.170     0.063               0.081     0.003             0.753
       6.00     0.254     0.144               0.120     0.007             0.759
       8.00     0.337     0.257               0.159     0.012             0.766
      10.00     0.417     0.403               0.197     0.019             0.772
1         ***** THE USAF AUTOMATED MISSILE DATCOM * REV 3/99 *****     CASE   1
               AERODYNAMIC METHODS FOR MISSILE CONFIGURATIONS          PAGE  10
                     STATIC AERODYNAMICS FOR BODY ALONE

       ******* FLIGHT CONDITIONS AND REFERENCE QUANTITIES *******
     MACH NO  =       0.30                REYNOLDS NO = 6.955E+06 /M
     ALTITUDE =        0.0 M         DYNAMIC PRESSURE =   6383.49 N/M**2
     SIDESLIP =       0.00 DEG                   ROLL =      0.00 DEG     
     REF AREA =      0.004 M**2         MOMENT CENTER =     0.710 M
     REF LENGTH =     1.28 M           LAT REF LENGTH =      1.28 M

                   ----- LONGITUDINAL -----     -- LATERAL DIRECTIONAL --
         ALPHA       CN        CM        CA        CY       CLN       CLL

        -10.00    -0.821    -0.217     0.329     0.000     0.000     0.000
         -8.00    -0.594    -0.172     0.332     0.000     0.000     0.000
         -6.00    -0.398    -0.127     0.334     0.000     0.000     0.000
         -4.00    -0.234    -0.084     0.335     0.000     0.000     0.000
         -2.00    -0.101    -0.041     0.336     0.000     0.000     0.000
          0.00     0.000     0.000     0.336     0.000     0.000     0.000
          2.00     0.101     0.041     0.336     0.000     0.000     0.000
          4.00     0.234     0.084     0.335     0.000     0.000     0.000
          6.00     0.398     0.127     0.334     0.000     0.000     0.000
          8.00     0.594     0.172     0.332     0.000     0.000     0.000
         10.00     0.821     0.217     0.329     0.000     0.000     0.000

         ALPHA       CL        CD      CL/CD     X-C.P.

        -10.00    -0.751     0.467    -1.609     0.264
         -8.00    -0.542     0.412    -1.316     0.289
         -6.00    -0.361     0.374    -0.966     0.319
         -4.00    -0.210     0.351    -0.599     0.357
         -2.00    -0.089     0.339    -0.264     0.407
          0.00     0.000     0.336     0.000     0.407
          2.00     0.089     0.339     0.264     0.407
          4.00     0.210     0.351     0.599     0.357
          6.00     0.361     0.374     0.966     0.319
          8.00     0.542     0.412     1.316     0.289
         10.00     0.751     0.467     1.609     0.264

    X-C.P. MEAS. FROM MOMENT CENTER IN REF. LENGTHS, NEG. AFT OF MOMENT CENTER
1         ***** THE USAF AUTOMATED MISSILE DATCOM * REV 3/99 *****     CASE   1
               AERODYNAMIC METHODS FOR MISSILE CONFIGURATIONS          PAGE  11
                     STATIC AERODYNAMICS FOR BODY ALONE

       ******* FLIGHT CONDITIONS AND REFERENCE QUANTITIES *******
     MACH NO  =       0.30                REYNOLDS NO = 6.955E+06 /M
     ALTITUDE =        0.0 M         DYNAMIC PRESSURE =   6383.49 N/M**2
     SIDESLIP =       0.00 DEG                   ROLL =      0.00 DEG     
     REF AREA =      0.004 M**2         MOMENT CENTER =     0.710 M
     REF LENGTH =     1.28 M           LAT REF LENGTH =      1.28 M

                   ---------- DERIVATIVES (PER DEGREE) ----------
         ALPHA       CNA         CMA         CYB         CLNB        CLLB
        -10.00      0.1212      0.0227     -0.0814     -0.0215      0.0000
         -8.00      0.1056      0.0224     -0.0740     -0.0213      0.0000
         -6.00      0.0900      0.0220     -0.0664     -0.0211      0.0000
         -4.00      0.0742      0.0215     -0.0588     -0.0209      0.0000
         -2.00      0.0585      0.0209     -0.0515     -0.0206      0.0000
          0.00      0.0506      0.0206     -0.0486     -0.0205      0.0000
          2.00      0.0585      0.0209     -0.0515     -0.0206      0.0000
          4.00      0.0742      0.0215     -0.0588     -0.0209      0.0000
          6.00      0.0900      0.0220     -0.0664     -0.0211      0.0000
          8.00      0.1056      0.0224     -0.0740     -0.0213      0.0000
         10.00      0.1212      0.0227     -0.0814     -0.0215      0.0000
1         ***** THE USAF AUTOMATED MISSILE DATCOM * REV 3/99 *****     CASE   1
               AERODYNAMIC METHODS FOR MISSILE CONFIGURATIONS          PAGE  12
                             BODY ALONE PARTIAL OUTPUT

       ******* FLIGHT CONDITIONS AND REFERENCE QUANTITIES *******
     MACH NO  =       0.40                REYNOLDS NO = 9.274E+06 /M
     ALTITUDE =        0.0 M         DYNAMIC PRESSURE =  11348.42 N/M**2
     SIDESLIP =       0.00 DEG                   ROLL =      0.00 DEG     
     REF AREA =      0.004 M**2         MOMENT CENTER =     0.710 M
     REF LENGTH =     1.28 M           LAT REF LENGTH =      1.28 M

      ALPHA    CA-FRIC  CA-PRES/WAVE CA-BASE    CA-PROT     CA-SEP     CA-ALP
     -10.00     0.2026     0.0576     0.0561                           0.0020
      -8.00     0.2048     0.0583     0.0562                           0.0018
      -6.00     0.2066     0.0588     0.0563                           0.0013
      -4.00     0.2078     0.0591     0.0563                           0.0006
      -2.00     0.2086     0.0593     0.0563                           0.0002
       0.00     0.2089     0.0594     0.0562                           0.0000
       2.00     0.2086     0.0593     0.0563                           0.0002
       4.00     0.2078     0.0591     0.0563                           0.0006
       6.00     0.2066     0.0588     0.0563                           0.0013
       8.00     0.2048     0.0583     0.0562                           0.0018
      10.00     0.2026     0.0576     0.0561                           0.0020

                     CROSS FLOW DRAG PROPORTIONALITY FACTOR = 0.75438

      ALPHA    CN-POTEN  CN-VISC   CN-SEP    CM-POTEN  CM-VISC   CM-SEP    CDC
     -10.00    -0.414    -0.409              -0.199    -0.020             0.783
      -8.00    -0.334    -0.260              -0.160    -0.012             0.774
      -6.00    -0.253    -0.145              -0.121    -0.007             0.766
      -4.00    -0.169    -0.064              -0.081    -0.003             0.757
      -2.00    -0.085    -0.016              -0.041    -0.001             0.749
       0.00     0.000     0.000               0.000     0.000             0.740
       2.00     0.085     0.016               0.041     0.001             0.749
       4.00     0.169     0.064               0.081     0.003             0.757
       6.00     0.253     0.145               0.121     0.007             0.766
       8.00     0.334     0.260               0.160     0.012             0.774
      10.00     0.414     0.409               0.199     0.020             0.783
1         ***** THE USAF AUTOMATED MISSILE DATCOM * REV 3/99 *****     CASE   1
               AERODYNAMIC METHODS FOR MISSILE CONFIGURATIONS          PAGE  13
                     STATIC AERODYNAMICS FOR BODY ALONE

       ******* FLIGHT CONDITIONS AND REFERENCE QUANTITIES *******
     MACH NO  =       0.40                REYNOLDS NO = 9.274E+06 /M
     ALTITUDE =        0.0 M         DYNAMIC PRESSURE =  11348.42 N/M**2
     SIDESLIP =       0.00 DEG                   ROLL =      0.00 DEG     
     REF AREA =      0.004 M**2         MOMENT CENTER =     0.710 M
     REF LENGTH =     1.28 M           LAT REF LENGTH =      1.28 M

                   ----- LONGITUDINAL -----     -- LATERAL DIRECTIONAL --
         ALPHA       CN        CM        CA        CY       CLN       CLL

        -10.00    -0.823    -0.218     0.318     0.000     0.000     0.000
         -8.00    -0.594    -0.173     0.321     0.000     0.000     0.000
         -6.00    -0.397    -0.128     0.323     0.000     0.000     0.000
         -4.00    -0.233    -0.084     0.324     0.000     0.000     0.000
         -2.00    -0.101    -0.041     0.324     0.000     0.000     0.000
          0.00     0.000     0.000     0.324     0.000     0.000     0.000
          2.00     0.101     0.041     0.324     0.000     0.000     0.000
          4.00     0.233     0.084     0.324     0.000     0.000     0.000
          6.00     0.397     0.128     0.323     0.000     0.000     0.000
          8.00     0.594     0.173     0.321     0.000     0.000     0.000
         10.00     0.823     0.218     0.318     0.000     0.000     0.000

         ALPHA       CL        CD      CL/CD     X-C.P.

        -10.00    -0.755     0.456    -1.655     0.265
         -8.00    -0.544     0.401    -1.357     0.291
         -6.00    -0.361     0.363    -0.997     0.322
         -4.00    -0.210     0.339    -0.618     0.361
         -2.00    -0.089     0.328    -0.272     0.412
          0.00     0.000     0.324     0.000     0.412
          2.00     0.089     0.328     0.272     0.412
          4.00     0.210     0.339     0.618     0.361
          6.00     0.361     0.363     0.997     0.322
          8.00     0.544     0.401     1.357     0.291
         10.00     0.755     0.456     1.655     0.265

    X-C.P. MEAS. FROM MOMENT CENTER IN REF. LENGTHS, NEG. AFT OF MOMENT CENTER
1         ***** THE USAF AUTOMATED MISSILE DATCOM * REV 3/99 *****     CASE   1
               AERODYNAMIC METHODS FOR MISSILE CONFIGURATIONS          PAGE  14
                     STATIC AERODYNAMICS FOR BODY ALONE

       ******* FLIGHT CONDITIONS AND REFERENCE QUANTITIES *******
     MACH NO  =       0.40                REYNOLDS NO = 9.274E+06 /M
     ALTITUDE =        0.0 M         DYNAMIC PRESSURE =  11348.42 N/M**2
     SIDESLIP =       0.00 DEG                   ROLL =      0.00 DEG     
     REF AREA =      0.004 M**2         MOMENT CENTER =     0.710 M
     REF LENGTH =     1.28 M           LAT REF LENGTH =      1.28 M

                   ---------- DERIVATIVES (PER DEGREE) ----------
         ALPHA       CNA         CMA         CYB         CLNB        CLLB
        -10.00      0.1225      0.0229     -0.0817     -0.0216      0.0000
         -8.00      0.1064      0.0226     -0.0740     -0.0215      0.0000
         -6.00      0.0903      0.0222     -0.0663     -0.0213      0.0000
         -4.00      0.0742      0.0216     -0.0586     -0.0210      0.0000
         -2.00      0.0582      0.0210     -0.0512     -0.0207      0.0000
          0.00      0.0503      0.0207     -0.0483     -0.0206      0.0000
          2.00      0.0582      0.0210     -0.0512     -0.0207      0.0000
          4.00      0.0742      0.0216     -0.0586     -0.0210      0.0000
          6.00      0.0903      0.0222     -0.0663     -0.0213      0.0000
          8.00      0.1064      0.0226     -0.0740     -0.0215      0.0000
         10.00      0.1225      0.0229     -0.0817     -0.0216      0.0000
1         ***** THE USAF AUTOMATED MISSILE DATCOM * REV 3/99 *****     CASE   1
               AERODYNAMIC METHODS FOR MISSILE CONFIGURATIONS          PAGE  15
                             BODY ALONE PARTIAL OUTPUT

       ******* FLIGHT CONDITIONS AND REFERENCE QUANTITIES *******
     MACH NO  =       0.50                REYNOLDS NO = 1.159E+07 /M
     ALTITUDE =        0.0 M         DYNAMIC PRESSURE =  17731.91 N/M**2
     SIDESLIP =       0.00 DEG                   ROLL =      0.00 DEG     
     REF AREA =      0.004 M**2         MOMENT CENTER =     0.710 M
     REF LENGTH =     1.28 M           LAT REF LENGTH =      1.28 M

      ALPHA    CA-FRIC  CA-PRES/WAVE CA-BASE    CA-PROT     CA-SEP     CA-ALP
     -10.00     0.1943     0.0578     0.0560                           0.0019
      -8.00     0.1964     0.0585     0.0562                           0.0018
      -6.00     0.1981     0.0590     0.0563                           0.0012
      -4.00     0.1994     0.0593     0.0563                           0.0006
      -2.00     0.2001     0.0595     0.0563                           0.0002
       0.00     0.2003     0.0596     0.0562                           0.0000
       2.00     0.2001     0.0595     0.0563                           0.0002
       4.00     0.1994     0.0593     0.0563                           0.0006
       6.00     0.1981     0.0590     0.0563                           0.0012
       8.00     0.1964     0.0585     0.0562                           0.0018
      10.00     0.1943     0.0578     0.0560                           0.0019

                     CROSS FLOW DRAG PROPORTIONALITY FACTOR = 0.75438

      ALPHA    CN-POTEN  CN-VISC   CN-SEP    CM-POTEN  CM-VISC   CM-SEP    CDC
     -10.00    -0.409    -0.414              -0.201    -0.020             0.793
      -8.00    -0.330    -0.262              -0.162    -0.013             0.783
      -6.00    -0.249    -0.146              -0.123    -0.007             0.772
      -4.00    -0.167    -0.064              -0.082    -0.003             0.761
      -2.00    -0.084    -0.016              -0.041    -0.001             0.751
       0.00     0.000     0.000               0.000     0.000             0.740
       2.00     0.084     0.016               0.041     0.001             0.751
       4.00     0.167     0.064               0.082     0.003             0.761
       6.00     0.249     0.146               0.123     0.007             0.772
       8.00     0.330     0.262               0.162     0.013             0.783
      10.00     0.409     0.414               0.201     0.020             0.793
1         ***** THE USAF AUTOMATED MISSILE DATCOM * REV 3/99 *****     CASE   1
               AERODYNAMIC METHODS FOR MISSILE CONFIGURATIONS          PAGE  16
                     STATIC AERODYNAMICS FOR BODY ALONE

       ******* FLIGHT CONDITIONS AND REFERENCE QUANTITIES *******
     MACH NO  =       0.50                REYNOLDS NO = 1.159E+07 /M
     ALTITUDE =        0.0 M         DYNAMIC PRESSURE =  17731.91 N/M**2
     SIDESLIP =       0.00 DEG                   ROLL =      0.00 DEG     
     REF AREA =      0.004 M**2         MOMENT CENTER =     0.710 M
     REF LENGTH =     1.28 M           LAT REF LENGTH =      1.28 M

                   ----- LONGITUDINAL -----     -- LATERAL DIRECTIONAL --
         ALPHA       CN        CM        CA        CY       CLN       CLL

        -10.00    -0.823    -0.221     0.310     0.000     0.000     0.000
         -8.00    -0.592    -0.175     0.313     0.000     0.000     0.000
         -6.00    -0.395    -0.130     0.315     0.000     0.000     0.000
         -4.00    -0.231    -0.085     0.316     0.000     0.000     0.000
         -2.00    -0.100    -0.042     0.316     0.000     0.000     0.000
          0.00     0.000     0.000     0.316     0.000     0.000     0.000
          2.00     0.100     0.042     0.316     0.000     0.000     0.000
          4.00     0.231     0.085     0.316     0.000     0.000     0.000
          6.00     0.395     0.130     0.315     0.000     0.000     0.000
          8.00     0.592     0.175     0.313     0.000     0.000     0.000
         10.00     0.823     0.221     0.310     0.000     0.000     0.000

         ALPHA       CL        CD      CL/CD     X-C.P.

        -10.00    -0.757     0.448    -1.688     0.268
         -8.00    -0.543     0.392    -1.385     0.295
         -6.00    -0.360     0.354    -1.017     0.328
         -4.00    -0.208     0.331    -0.630     0.369
         -2.00    -0.088     0.319    -0.277     0.421
          0.00     0.000     0.316     0.000     0.421
          2.00     0.088     0.319     0.277     0.421
          4.00     0.208     0.331     0.630     0.369
          6.00     0.360     0.354     1.017     0.328
          8.00     0.543     0.392     1.385     0.295
         10.00     0.757     0.448     1.688     0.268

    X-C.P. MEAS. FROM MOMENT CENTER IN REF. LENGTHS, NEG. AFT OF MOMENT CENTER
1         ***** THE USAF AUTOMATED MISSILE DATCOM * REV 3/99 *****     CASE   1
               AERODYNAMIC METHODS FOR MISSILE CONFIGURATIONS          PAGE  17
                     STATIC AERODYNAMICS FOR BODY ALONE

       ******* FLIGHT CONDITIONS AND REFERENCE QUANTITIES *******
     MACH NO  =       0.50                REYNOLDS NO = 1.159E+07 /M
     ALTITUDE =        0.0 M         DYNAMIC PRESSURE =  17731.91 N/M**2
     SIDESLIP =       0.00 DEG                   ROLL =      0.00 DEG     
     REF AREA =      0.004 M**2         MOMENT CENTER =     0.710 M
     REF LENGTH =     1.28 M           LAT REF LENGTH =      1.28 M

                   ---------- DERIVATIVES (PER DEGREE) ----------
         ALPHA       CNA         CMA         CYB         CLNB        CLLB
        -10.00      0.1236      0.0232     -0.0817     -0.0219      0.0000
         -8.00      0.1069      0.0229     -0.0738     -0.0217      0.0000
         -6.00      0.0903      0.0224     -0.0660     -0.0215      0.0000
         -4.00      0.0739      0.0219     -0.0582     -0.0213      0.0000
         -2.00      0.0578      0.0213     -0.0507     -0.0210      0.0000
          0.00      0.0498      0.0210     -0.0478     -0.0209      0.0000
          2.00      0.0578      0.0213     -0.0507     -0.0210      0.0000
          4.00      0.0739      0.0219     -0.0582     -0.0213      0.0000
          6.00      0.0903      0.0224     -0.0660     -0.0215      0.0000
          8.00      0.1069      0.0229     -0.0738     -0.0217      0.0000
         10.00      0.1236      0.0232     -0.0817     -0.0219      0.0000
1         ***** THE USAF AUTOMATED MISSILE DATCOM * REV 3/99 *****     CASE   1
               AERODYNAMIC METHODS FOR MISSILE CONFIGURATIONS          PAGE  18
                             BODY ALONE PARTIAL OUTPUT

       ******* FLIGHT CONDITIONS AND REFERENCE QUANTITIES *******
     MACH NO  =       0.90                REYNOLDS NO = 2.087E+07 /M
     ALTITUDE =        0.0 M         DYNAMIC PRESSURE =  57451.37 N/M**2
     SIDESLIP =       0.00 DEG                   ROLL =      0.00 DEG     
     REF AREA =      0.004 M**2         MOMENT CENTER =     0.710 M
     REF LENGTH =     1.28 M           LAT REF LENGTH =      1.28 M

      ALPHA    CA-FRIC  CA-PRES/WAVE CA-BASE    CA-PROT     CA-SEP     CA-ALP
     -10.00     0.1710     0.3397     0.0539                           0.0063
      -8.00     0.1729     0.3435     0.0541                           0.0045
      -6.00     0.1744     0.3465     0.0542                           0.0027
      -4.00     0.1755     0.3486     0.0542                           0.0013
      -2.00     0.1761     0.3499     0.0542                           0.0003
       0.00     0.1763     0.3503     0.0541                           0.0000
       2.00     0.1761     0.3499     0.0542                           0.0003
       4.00     0.1755     0.3486     0.0542                           0.0013
       6.00     0.1744     0.3465     0.0542                           0.0027
       8.00     0.1729     0.3435     0.0541                           0.0045
      10.00     0.1710     0.3397     0.0539                           0.0063

                     CROSS FLOW DRAG PROPORTIONALITY FACTOR = 0.75689

      ALPHA    CN-POTEN  CN-VISC   CN-SEP    CM-POTEN  CM-VISC   CM-SEP    CDC
     -10.00    -0.259    -0.438              -0.269    -0.021             0.836
      -8.00    -0.209    -0.275              -0.217    -0.013             0.817
      -6.00    -0.158    -0.151              -0.164    -0.007             0.798
      -4.00    -0.106    -0.066              -0.110    -0.003             0.778
      -2.00    -0.053    -0.016              -0.055    -0.001             0.759
       0.00     0.000     0.000               0.000     0.000             0.740
       2.00     0.053     0.016               0.055     0.001             0.759
       4.00     0.106     0.066               0.110     0.003             0.778
       6.00     0.158     0.151               0.164     0.007             0.798
       8.00     0.209     0.275               0.217     0.013             0.817
      10.00     0.259     0.438               0.269     0.021             0.836
1         ***** THE USAF AUTOMATED MISSILE DATCOM * REV 3/99 *****     CASE   1
               AERODYNAMIC METHODS FOR MISSILE CONFIGURATIONS          PAGE  19
                     STATIC AERODYNAMICS FOR BODY ALONE

       ******* FLIGHT CONDITIONS AND REFERENCE QUANTITIES *******
     MACH NO  =       0.90                REYNOLDS NO = 2.087E+07 /M
     ALTITUDE =        0.0 M         DYNAMIC PRESSURE =  57451.37 N/M**2
     SIDESLIP =       0.00 DEG                   ROLL =      0.00 DEG     
     REF AREA =      0.004 M**2         MOMENT CENTER =     0.710 M
     REF LENGTH =     1.28 M           LAT REF LENGTH =      1.28 M

                   ----- LONGITUDINAL -----     -- LATERAL DIRECTIONAL --
         ALPHA       CN        CM        CA        CY       CLN       CLL

        -10.00    -0.696    -0.290     0.571     0.000     0.000     0.000
         -8.00    -0.484    -0.231     0.575     0.000     0.000     0.000
         -6.00    -0.309    -0.171     0.578     0.000     0.000     0.000
         -4.00    -0.171    -0.113     0.580     0.000     0.000     0.000
         -2.00    -0.069    -0.056     0.581     0.000     0.000     0.000
          0.00     0.000     0.000     0.581     0.000     0.000     0.000
          2.00     0.069     0.056     0.581     0.000     0.000     0.000
          4.00     0.171     0.113     0.580     0.000     0.000     0.000
          6.00     0.309     0.171     0.578     0.000     0.000     0.000
          8.00     0.484     0.231     0.575     0.000     0.000     0.000
         10.00     0.696     0.290     0.571     0.000     0.000     0.000

         ALPHA       CL        CD      CL/CD     X-C.P.

        -10.00    -0.587     0.683    -0.859     0.417
         -8.00    -0.399     0.637    -0.626     0.477
         -6.00    -0.247     0.607    -0.407     0.555
         -4.00    -0.131     0.590    -0.221     0.660
         -2.00    -0.049     0.583    -0.084     0.810
          0.00     0.000     0.581     0.000     0.810
          2.00     0.049     0.583     0.084     0.810
          4.00     0.131     0.590     0.221     0.660
          6.00     0.247     0.607     0.407     0.555
          8.00     0.399     0.637     0.626     0.477
         10.00     0.587     0.683     0.859     0.417

    X-C.P. MEAS. FROM MOMENT CENTER IN REF. LENGTHS, NEG. AFT OF MOMENT CENTER
1         ***** THE USAF AUTOMATED MISSILE DATCOM * REV 3/99 *****     CASE   1
               AERODYNAMIC METHODS FOR MISSILE CONFIGURATIONS          PAGE  20
                     STATIC AERODYNAMICS FOR BODY ALONE

       ******* FLIGHT CONDITIONS AND REFERENCE QUANTITIES *******
     MACH NO  =       0.90                REYNOLDS NO = 2.087E+07 /M
     ALTITUDE =        0.0 M         DYNAMIC PRESSURE =  57451.37 N/M**2
     SIDESLIP =       0.00 DEG                   ROLL =      0.00 DEG     
     REF AREA =      0.004 M**2         MOMENT CENTER =     0.710 M
     REF LENGTH =     1.28 M           LAT REF LENGTH =      1.28 M

                   ---------- DERIVATIVES (PER DEGREE) ----------
         ALPHA       CNA         CMA         CYB         CLNB        CLLB
        -10.00      0.1160      0.0301     -0.0692     -0.0287      0.0000
         -8.00      0.0968      0.0297     -0.0603     -0.0286      0.0000
         -6.00      0.0780      0.0294     -0.0517     -0.0285      0.0000
         -4.00      0.0600      0.0289     -0.0433     -0.0282      0.0000
         -2.00      0.0428      0.0283     -0.0355     -0.0280      0.0000
          0.00      0.0345      0.0280     -0.0324     -0.0279      0.0000
          2.00      0.0428      0.0283     -0.0355     -0.0280      0.0000
          4.00      0.0600      0.0289     -0.0433     -0.0282      0.0000
          6.00      0.0780      0.0294     -0.0517     -0.0285      0.0000
          8.00      0.0968      0.0297     -0.0603     -0.0286      0.0000
         10.00      0.1160      0.0301     -0.0692     -0.0287      0.0000
1         ***** THE USAF AUTOMATED MISSILE DATCOM * REV 3/99 *****     CASE   1
               AERODYNAMIC METHODS FOR MISSILE CONFIGURATIONS          PAGE  21
                             BODY ALONE PARTIAL OUTPUT

       ******* FLIGHT CONDITIONS AND REFERENCE QUANTITIES *******
     MACH NO  =       1.10                REYNOLDS NO = 2.550E+07 /M
     ALTITUDE =        0.0 M         DYNAMIC PRESSURE =  85822.41 N/M**2
     SIDESLIP =       0.00 DEG                   ROLL =      0.00 DEG     
     REF AREA =      0.004 M**2         MOMENT CENTER =     0.710 M
     REF LENGTH =     1.28 M           LAT REF LENGTH =      1.28 M

      ALPHA    CA-FRIC  CA-PRES/WAVE CA-BASE    CA-PROT     CA-SEP     CA-ALP
     -10.00     0.1618     0.7921     0.0825                           0.0127
      -8.00     0.1636     0.8009     0.0829                           0.0088
      -6.00     0.1650     0.8078     0.0831                           0.0052
      -4.00     0.1661     0.8128     0.0832                           0.0024
      -2.00     0.1667     0.8158     0.0833                           0.0006
       0.00     0.1669     0.8168     0.0832                           0.0000
       2.00     0.1667     0.8158     0.0833                           0.0006
       4.00     0.1661     0.8128     0.0832                           0.0024
       6.00     0.1650     0.8078     0.0831                           0.0052
       8.00     0.1636     0.8009     0.0829                           0.0088
      10.00     0.1618     0.7921     0.0825                           0.0127

                     CROSS FLOW DRAG PROPORTIONALITY FACTOR = 0.97196

      ALPHA    CN-POTEN  CN-VISC   CN-SEP    CM-POTEN  CM-VISC   CM-SEP    CDC
     -10.00    -0.369    -0.577              -0.242    -0.028             0.857
      -8.00    -0.298    -0.360              -0.195    -0.017             0.834
      -6.00    -0.225    -0.198              -0.147    -0.009             0.810
      -4.00    -0.151    -0.085              -0.099    -0.004             0.787
      -2.00    -0.076    -0.021              -0.050    -0.001             0.764
       0.00     0.000     0.000               0.000     0.000             0.740
       2.00     0.076     0.021               0.050     0.001             0.764
       4.00     0.151     0.085               0.099     0.004             0.787
       6.00     0.225     0.198               0.147     0.009             0.810
       8.00     0.298     0.360               0.195     0.017             0.834
      10.00     0.369     0.577               0.242     0.028             0.857
1         ***** THE USAF AUTOMATED MISSILE DATCOM * REV 3/99 *****     CASE   1
               AERODYNAMIC METHODS FOR MISSILE CONFIGURATIONS          PAGE  22
                     STATIC AERODYNAMICS FOR BODY ALONE

       ******* FLIGHT CONDITIONS AND REFERENCE QUANTITIES *******
     MACH NO  =       1.10                REYNOLDS NO = 2.550E+07 /M
     ALTITUDE =        0.0 M         DYNAMIC PRESSURE =  85822.41 N/M**2
     SIDESLIP =       0.00 DEG                   ROLL =      0.00 DEG     
     REF AREA =      0.004 M**2         MOMENT CENTER =     0.710 M
     REF LENGTH =     1.28 M           LAT REF LENGTH =      1.28 M

                   ----- LONGITUDINAL -----     -- LATERAL DIRECTIONAL --
         ALPHA       CN        CM        CA        CY       CLN       CLL

        -10.00    -0.946    -0.270     1.049     0.000     0.000     0.000
         -8.00    -0.658    -0.213     1.056     0.000     0.000     0.000
         -6.00    -0.423    -0.157     1.061     0.000     0.000     0.000
         -4.00    -0.236    -0.103     1.064     0.000     0.000     0.000
         -2.00    -0.096    -0.051     1.066     0.000     0.000     0.000
          0.00     0.000     0.000     1.067     0.000     0.000     0.000
          2.00     0.096     0.051     1.066     0.000     0.000     0.000
          4.00     0.236     0.103     1.064     0.000     0.000     0.000
          6.00     0.423     0.157     1.061     0.000     0.000     0.000
          8.00     0.658     0.213     1.056     0.000     0.000     0.000
         10.00     0.946     0.270     1.049     0.000     0.000     0.000

         ALPHA       CL        CD      CL/CD     X-C.P.

        -10.00    -0.749     1.197    -0.626     0.285
         -8.00    -0.505     1.138    -0.444     0.323
         -6.00    -0.309     1.100    -0.281     0.371
         -4.00    -0.161     1.078    -0.150     0.436
         -2.00    -0.059     1.069    -0.055     0.525
          0.00     0.000     1.067     0.000     0.525
          2.00     0.059     1.069     0.055     0.525
          4.00     0.161     1.078     0.150     0.436
          6.00     0.309     1.100     0.281     0.371
          8.00     0.505     1.138     0.444     0.323
         10.00     0.749     1.197     0.626     0.285

    X-C.P. MEAS. FROM MOMENT CENTER IN REF. LENGTHS, NEG. AFT OF MOMENT CENTER
1         ***** THE USAF AUTOMATED MISSILE DATCOM * REV 3/99 *****     CASE   1
               AERODYNAMIC METHODS FOR MISSILE CONFIGURATIONS          PAGE  23
                     STATIC AERODYNAMICS FOR BODY ALONE

       ******* FLIGHT CONDITIONS AND REFERENCE QUANTITIES *******
     MACH NO  =       1.10                REYNOLDS NO = 2.550E+07 /M
     ALTITUDE =        0.0 M         DYNAMIC PRESSURE =  85822.41 N/M**2
     SIDESLIP =       0.00 DEG                   ROLL =      0.00 DEG     
     REF AREA =      0.004 M**2         MOMENT CENTER =     0.710 M
     REF LENGTH =     1.28 M           LAT REF LENGTH =      1.28 M

                   ---------- DERIVATIVES (PER DEGREE) ----------
         ALPHA       CNA         CMA         CYB         CLNB        CLLB
        -10.00      0.1567      0.0289     -0.0939     -0.0267      0.0000
         -8.00      0.1308      0.0282     -0.0821     -0.0264      0.0000
         -6.00      0.1055      0.0274     -0.0706     -0.0261      0.0000
         -4.00      0.0815      0.0266     -0.0596     -0.0257      0.0000
         -2.00      0.0590      0.0257     -0.0494     -0.0253      0.0000
          0.00      0.0482      0.0253     -0.0454     -0.0252      0.0000
          2.00      0.0590      0.0257     -0.0494     -0.0253      0.0000
          4.00      0.0815      0.0266     -0.0596     -0.0257      0.0000
          6.00      0.1055      0.0274     -0.0706     -0.0261      0.0000
          8.00      0.1308      0.0282     -0.0821     -0.0264      0.0000
         10.00      0.1567      0.0289     -0.0939     -0.0267      0.0000
    *** NOSE TIP ANGLE GREATER THAN MACH ANGLE, HYBRID THEORY INVALID
        SECOND ORDER SHOCK EXPANSION TO BE USED

1         ***** THE USAF AUTOMATED MISSILE DATCOM * REV 3/99 *****     CASE   1
               AERODYNAMIC METHODS FOR MISSILE CONFIGURATIONS          PAGE  24
                             BODY ALONE PARTIAL OUTPUT

       ******* FLIGHT CONDITIONS AND REFERENCE QUANTITIES *******
     MACH NO  =       1.40                REYNOLDS NO = 3.246E+07 /M
     ALTITUDE =        0.0 M         DYNAMIC PRESSURE = 139018.12 N/M**2
     SIDESLIP =       0.00 DEG                   ROLL =      0.00 DEG     
     REF AREA =      0.004 M**2         MOMENT CENTER =     0.710 M
     REF LENGTH =     1.28 M           LAT REF LENGTH =      1.28 M

      ALPHA    CA-FRIC  CA-PRES/WAVE CA-BASE    CA-PROT     CA-SEP     CA-ALP
     -10.00     0.1495     0.9134     0.0740                           0.0000
      -8.00     0.1512     0.9225     0.0744                           0.0000
      -6.00     0.1525     0.9296     0.0748                           0.0000
      -4.00     0.1534     0.9347     0.0750                           0.0000
      -2.00     0.1540     0.9378     0.0751                           0.0000
       0.00     0.1542     0.9388     0.0752                           0.0000
       2.00     0.1540     0.9378     0.0751                           0.0000
       4.00     0.1534     0.9347     0.0750                           0.0000
       6.00     0.1525     0.9296     0.0748                           0.0000
       8.00     0.1512     0.9225     0.0744                           0.0000
      10.00     0.1495     0.9134     0.0740                           0.0000

                     CROSS FLOW DRAG PROPORTIONALITY FACTOR = 1.00000

      ALPHA    CN-POTEN  CN-VISC   CN-SEP    CM-POTEN  CM-VISC   CM-SEP    CDC
     -10.00    -0.375    -0.639              -0.203    -0.031             0.923
      -8.00    -0.303    -0.382              -0.164    -0.018             0.859
      -6.00    -0.229    -0.208              -0.124    -0.010             0.830
      -4.00    -0.153    -0.089              -0.083    -0.004             0.800
      -2.00    -0.077    -0.022              -0.042    -0.001             0.770
       0.00     0.000     0.000               0.000     0.000             0.740
       2.00     0.077     0.022               0.042     0.001             0.770
       4.00     0.153     0.089               0.083     0.004             0.800
       6.00     0.229     0.208               0.124     0.010             0.830
       8.00     0.303     0.382               0.164     0.018             0.859
      10.00     0.375     0.639               0.203     0.031             0.923
1         ***** THE USAF AUTOMATED MISSILE DATCOM * REV 3/99 *****     CASE   1
               AERODYNAMIC METHODS FOR MISSILE CONFIGURATIONS          PAGE  25
                     STATIC AERODYNAMICS FOR BODY ALONE

       ******* FLIGHT CONDITIONS AND REFERENCE QUANTITIES *******
     MACH NO  =       1.40                REYNOLDS NO = 3.246E+07 /M
     ALTITUDE =        0.0 M         DYNAMIC PRESSURE = 139018.12 N/M**2
     SIDESLIP =       0.00 DEG                   ROLL =      0.00 DEG     
     REF AREA =      0.004 M**2         MOMENT CENTER =     0.710 M
     REF LENGTH =     1.28 M           LAT REF LENGTH =      1.28 M

                   ----- LONGITUDINAL -----     -- LATERAL DIRECTIONAL --
         ALPHA       CN        CM        CA        CY       CLN       CLL

        -10.00    -1.014    -0.234     1.137     0.000     0.000     0.000
         -8.00    -0.685    -0.182     1.148     0.000     0.000     0.000
         -6.00    -0.437    -0.134     1.157     0.000     0.000     0.000
         -4.00    -0.243    -0.087     1.163     0.000     0.000     0.000
         -2.00    -0.098    -0.043     1.167     0.000     0.000     0.000
          0.00     0.000     0.000     1.168     0.000     0.000     0.000
          2.00     0.098     0.043     1.167     0.000     0.000     0.000
          4.00     0.243     0.087     1.163     0.000     0.000     0.000
          6.00     0.437     0.134     1.157     0.000     0.000     0.000
          8.00     0.685     0.182     1.148     0.000     0.000     0.000
         10.00     1.014     0.234     1.137     0.000     0.000     0.000

         ALPHA       CL        CD      CL/CD     X-C.P.

        -10.00    -0.802     1.296    -0.619     0.231
         -8.00    -0.518     1.232    -0.421     0.266
         -6.00    -0.313     1.196    -0.262     0.307
         -4.00    -0.161     1.177    -0.137     0.360
         -2.00    -0.058     1.170    -0.049     0.434
          0.00     0.000     1.168     0.000     0.434
          2.00     0.058     1.170     0.049     0.434
          4.00     0.161     1.177     0.137     0.360
          6.00     0.313     1.196     0.262     0.307
          8.00     0.518     1.232     0.421     0.266
         10.00     0.802     1.296     0.619     0.231

    X-C.P. MEAS. FROM MOMENT CENTER IN REF. LENGTHS, NEG. AFT OF MOMENT CENTER
1         ***** THE USAF AUTOMATED MISSILE DATCOM * REV 3/99 *****     CASE   1
               AERODYNAMIC METHODS FOR MISSILE CONFIGURATIONS          PAGE  26
                     STATIC AERODYNAMICS FOR BODY ALONE

       ******* FLIGHT CONDITIONS AND REFERENCE QUANTITIES *******
     MACH NO  =       1.40                REYNOLDS NO = 3.246E+07 /M
     ALTITUDE =        0.0 M         DYNAMIC PRESSURE = 139018.12 N/M**2
     SIDESLIP =       0.00 DEG                   ROLL =      0.00 DEG     
     REF AREA =      0.004 M**2         MOMENT CENTER =     0.710 M
     REF LENGTH =     1.28 M           LAT REF LENGTH =      1.28 M

                   ---------- DERIVATIVES (PER DEGREE) ----------
         ALPHA       CNA         CMA         CYB         CLNB        CLLB
        -10.00      0.1851      0.0266     -0.1008     -0.0232      0.0000
         -8.00      0.1444      0.0250     -0.0855     -0.0227      0.0000
         -6.00      0.1106      0.0238     -0.0730     -0.0223      0.0000
         -4.00      0.0846      0.0228     -0.0613     -0.0218      0.0000
         -2.00      0.0606      0.0218     -0.0505     -0.0214      0.0000
          0.00      0.0492      0.0213     -0.0463     -0.0212      0.0000
          2.00      0.0606      0.0218     -0.0505     -0.0214      0.0000
          4.00      0.0846      0.0228     -0.0613     -0.0218      0.0000
          6.00      0.1106      0.0238     -0.0730     -0.0223      0.0000
          8.00      0.1444      0.0250     -0.0855     -0.0227      0.0000
         10.00      0.1851      0.0266     -0.1008     -0.0232      0.0000

    BODY ALONE LINEAR DATA GENERATED FROM SECOND ORDER SHOCK EXPANSION METHOD

    *** NOSE TIP ANGLE GREATER THAN MACH ANGLE, HYBRID THEORY INVALID
        SECOND ORDER SHOCK EXPANSION TO BE USED

1         ***** THE USAF AUTOMATED MISSILE DATCOM * REV 3/99 *****     CASE   1
               AERODYNAMIC METHODS FOR MISSILE CONFIGURATIONS          PAGE  27
                             BODY ALONE PARTIAL OUTPUT

       ******* FLIGHT CONDITIONS AND REFERENCE QUANTITIES *******
     MACH NO  =       2.00                REYNOLDS NO = 4.637E+07 /M
     ALTITUDE =        0.0 M         DYNAMIC PRESSURE = 283710.47 N/M**2
     SIDESLIP =       0.00 DEG                   ROLL =      0.00 DEG     
     REF AREA =      0.004 M**2         MOMENT CENTER =     0.710 M
     REF LENGTH =     1.28 M           LAT REF LENGTH =      1.28 M

      ALPHA    CA-FRIC  CA-PRES/WAVE CA-BASE    CA-PROT     CA-SEP     CA-ALP
     -10.00     0.1282     0.7487     0.0593                           0.0000
      -8.00     0.1296     0.7574     0.0597                           0.0000
      -6.00     0.1307     0.7643     0.0599                           0.0000
      -4.00     0.1315     0.7692     0.0601                           0.0000
      -2.00     0.1320     0.7722     0.0602                           0.0000
       0.00     0.1322     0.7732     0.0603                           0.0000
       2.00     0.1320     0.7722     0.0602                           0.0000
       4.00     0.1315     0.7692     0.0601                           0.0000
       6.00     0.1307     0.7643     0.0599                           0.0000
       8.00     0.1296     0.7574     0.0597                           0.0000
      10.00     0.1282     0.7487     0.0593                           0.0000

                     CROSS FLOW DRAG PROPORTIONALITY FACTOR = 1.00000

      ALPHA    CN-POTEN  CN-VISC   CN-SEP    CM-POTEN  CM-VISC   CM-SEP    CDC
     -10.00    -0.399    -0.741              -0.210    -0.036             1.071
      -8.00    -0.322    -0.433              -0.169    -0.021             0.973
      -6.00    -0.243    -0.220              -0.128    -0.011             0.875
      -4.00    -0.163    -0.092              -0.086    -0.004             0.825
      -2.00    -0.082    -0.022              -0.043    -0.001             0.783
       0.00     0.000     0.000               0.000     0.000             0.740
       2.00     0.082     0.022               0.043     0.001             0.783
       4.00     0.163     0.092               0.086     0.004             0.825
       6.00     0.243     0.220               0.128     0.011             0.875
       8.00     0.322     0.433               0.169     0.021             0.973
      10.00     0.399     0.741               0.210     0.036             1.071
1         ***** THE USAF AUTOMATED MISSILE DATCOM * REV 3/99 *****     CASE   1
               AERODYNAMIC METHODS FOR MISSILE CONFIGURATIONS          PAGE  28
                     STATIC AERODYNAMICS FOR BODY ALONE

       ******* FLIGHT CONDITIONS AND REFERENCE QUANTITIES *******
     MACH NO  =       2.00                REYNOLDS NO = 4.637E+07 /M
     ALTITUDE =        0.0 M         DYNAMIC PRESSURE = 283710.47 N/M**2
     SIDESLIP =       0.00 DEG                   ROLL =      0.00 DEG     
     REF AREA =      0.004 M**2         MOMENT CENTER =     0.710 M
     REF LENGTH =     1.28 M           LAT REF LENGTH =      1.28 M

                   ----- LONGITUDINAL -----     -- LATERAL DIRECTIONAL --
         ALPHA       CN        CM        CA        CY       CLN       CLL

        -10.00    -1.140    -0.245     0.936     0.000     0.000     0.000
         -8.00    -0.754    -0.190     0.947     0.000     0.000     0.000
         -6.00    -0.462    -0.138     0.955     0.000     0.000     0.000
         -4.00    -0.255    -0.090     0.961     0.000     0.000     0.000
         -2.00    -0.104    -0.044     0.964     0.000     0.000     0.000
          0.00     0.000     0.000     0.966     0.000     0.000     0.000
          2.00     0.104     0.044     0.964     0.000     0.000     0.000
          4.00     0.255     0.090     0.961     0.000     0.000     0.000
          6.00     0.462     0.138     0.955     0.000     0.000     0.000
          8.00     0.754     0.190     0.947     0.000     0.000     0.000
         10.00     1.140     0.245     0.936     0.000     0.000     0.000

         ALPHA       CL        CD      CL/CD     X-C.P.

        -10.00    -0.960     1.120    -0.857     0.215
         -8.00    -0.615     1.042    -0.590     0.252
         -6.00    -0.360     0.998    -0.361     0.299
         -4.00    -0.187     0.976    -0.192     0.353
         -2.00    -0.070     0.967    -0.072     0.425
          0.00     0.000     0.966     0.000     0.425
          2.00     0.070     0.967     0.072     0.425
          4.00     0.187     0.976     0.192     0.353
          6.00     0.360     0.998     0.361     0.299
          8.00     0.615     1.042     0.590     0.252
         10.00     0.960     1.120     0.857     0.215

    X-C.P. MEAS. FROM MOMENT CENTER IN REF. LENGTHS, NEG. AFT OF MOMENT CENTER
1         ***** THE USAF AUTOMATED MISSILE DATCOM * REV 3/99 *****     CASE   1
               AERODYNAMIC METHODS FOR MISSILE CONFIGURATIONS          PAGE  29
                     STATIC AERODYNAMICS FOR BODY ALONE

       ******* FLIGHT CONDITIONS AND REFERENCE QUANTITIES *******
     MACH NO  =       2.00                REYNOLDS NO = 4.637E+07 /M
     ALTITUDE =        0.0 M         DYNAMIC PRESSURE = 283710.47 N/M**2
     SIDESLIP =       0.00 DEG                   ROLL =      0.00 DEG     
     REF AREA =      0.004 M**2         MOMENT CENTER =     0.710 M
     REF LENGTH =     1.28 M           LAT REF LENGTH =      1.28 M

                   ---------- DERIVATIVES (PER DEGREE) ----------
         ALPHA       CNA         CMA         CYB         CLNB        CLLB
        -10.00      0.2160      0.0285     -0.1133     -0.0243      0.0000
         -8.00      0.1692      0.0267     -0.0943     -0.0236      0.0000
         -6.00      0.1248      0.0250     -0.0774     -0.0230      0.0000
         -4.00      0.0897      0.0236     -0.0644     -0.0225      0.0000
         -2.00      0.0637      0.0225     -0.0531     -0.0220      0.0000
          0.00      0.0518      0.0220     -0.0488     -0.0219      0.0000
          2.00      0.0637      0.0225     -0.0531     -0.0220      0.0000
          4.00      0.0897      0.0236     -0.0644     -0.0225      0.0000
          6.00      0.1248      0.0250     -0.0774     -0.0230      0.0000
          8.00      0.1692      0.0267     -0.0943     -0.0236      0.0000
         10.00      0.2160      0.0285     -0.1133     -0.0243      0.0000

    BODY ALONE LINEAR DATA GENERATED FROM SECOND ORDER SHOCK EXPANSION METHOD

    *** END OF JOB ***
